// Jest Snapshot v1, https://goo.gl/fbAQLP

exports[`<ComposedModal /> renders 1`] = `
<ComposedModal
  onKeyDown={[Function]}
  open={true}
  selectorPrimaryFocus="[data-modal-primary-focus]"
>
  <div
    aria-hidden={false}
    className="bx--modal is-visible"
    onBlur={[Function]}
    onClick={[Function]}
    onKeyDown={[Function]}
    onTransitionEnd={[Function]}
    open={true}
    role="presentation"
  >
    <div
      aria-modal="true"
      className="bx--modal-container"
      role="dialog"
    >
      <button
        className="bx--visually-hidden"
        type="button"
      >
        Focus sentinel
      </button>
      <div
        className="bx--modal-container-body"
      />
      <button
        className="bx--visually-hidden"
        type="button"
      >
        Focus sentinel
      </button>
    </div>
  </div>
</ComposedModal>
`;
